com.sun.javatest.Command
com.sun.javatest.JavaTestSecurityManager
com.sun.javatest.NewJavaTestSecurityManager
com.sun.javatest.Status
com.sun.javatest.Test
com.sun.javatest.agent.ActiveConnectionFactory
com.sun.javatest.agent.Agent
com.sun.javatest.agent.Agent$1
com.sun.javatest.agent.Agent$Notifier
com.sun.javatest.agent.Agent$Observer
com.sun.javatest.agent.Agent$Task
com.sun.javatest.agent.AgentClassLoader
com.sun.javatest.agent.AgentMain
com.sun.javatest.agent.AgentMain$1
com.sun.javatest.agent.AgentMain$BadArgs
com.sun.javatest.agent.AgentMain$ErrorObserver
com.sun.javatest.agent.AgentMain$Fault
com.sun.javatest.agent.AgentWriter
com.sun.javatest.agent.Connection
com.sun.javatest.agent.ConnectionFactory
com.sun.javatest.agent.ConnectionFactory$Fault
com.sun.javatest.agent.Deprecated
com.sun.javatest.agent.Map
com.sun.javatest.agent.PassiveConnectionFactory
com.sun.javatest.agent.SocketConnection
com.sun.javatest.agent.SocketConnection$1
com.sun.javatest.util.DynamicArray
com.sun.javatest.util.StringArray
com.sun.javatest.util.Timer
com.sun.javatest.util.Timer$1
com.sun.javatest.util.Timer$Entry
com.sun.javatest.util.Timer$Timeable
com.sun.javatest.util.WriterStream
