com.sun.javatest.Command
com.sun.javatest.JavaTestSecurityManager
com.sun.javatest.NewJavaTestSecurityManager
com.sun.javatest.ProductInfo
com.sun.javatest.Status
com.sun.javatest.Test
com.sun.javatest.agent.ActiveConnectionFactory
com.sun.javatest.agent.ActiveModeOptions
com.sun.javatest.agent.Agent
com.sun.javatest.agent.Agent$1
com.sun.javatest.agent.Agent$Notifier
com.sun.javatest.agent.Agent$Observer
com.sun.javatest.agent.Agent$Task
com.sun.javatest.agent.AgentClassLoader
com.sun.javatest.agent.AgentFrame
com.sun.javatest.agent.AgentFrame$1
com.sun.javatest.agent.AgentFrame$2
com.sun.javatest.agent.AgentFrame$Listener
com.sun.javatest.agent.AgentPanel
com.sun.javatest.agent.AgentPanel$1
com.sun.javatest.agent.AgentPanel$AgentObserver
com.sun.javatest.agent.AgentPanel$ButtonPanel
com.sun.javatest.agent.AgentPanel$ErrorPanel
com.sun.javatest.agent.AgentPanel$HelpPanel
com.sun.javatest.agent.AgentPanel$HistoryList
com.sun.javatest.agent.AgentPanel$MapReader
com.sun.javatest.agent.AgentPanel$ParamPanel
com.sun.javatest.agent.AgentPanel$StatsPanel
com.sun.javatest.agent.AgentPanel$TaskPanel
com.sun.javatest.agent.AgentPanel$TaskState
com.sun.javatest.agent.AgentWriter
com.sun.javatest.agent.BadValue
com.sun.javatest.agent.Connection
com.sun.javatest.agent.ConnectionFactory
com.sun.javatest.agent.ConnectionFactory$Fault
com.sun.javatest.agent.Deck
com.sun.javatest.agent.Deprecated
com.sun.javatest.agent.Folder
com.sun.javatest.agent.Folder$1
com.sun.javatest.agent.Folder$Entry
com.sun.javatest.agent.Folder$Layout
com.sun.javatest.agent.Icon
com.sun.javatest.agent.Map
com.sun.javatest.agent.ModeOptions
com.sun.javatest.agent.PassiveConnectionFactory
com.sun.javatest.agent.PassiveModeOptions
com.sun.javatest.agent.Proxy
com.sun.javatest.agent.SerialPortModeOptions
com.sun.javatest.agent.SocketConnection
com.sun.javatest.agent.SocketConnection$1
com.sun.javatest.util.DynamicArray
com.sun.javatest.util.ExitCount
com.sun.javatest.util.MainFrame
com.sun.javatest.util.StringArray
com.sun.javatest.util.Timer
com.sun.javatest.util.Timer$1
com.sun.javatest.util.Timer$Entry
com.sun.javatest.util.Timer$Timeable
com.sun.javatest.util.WriterStream
