com.sun.interview.CheckList
com.sun.interview.CheckList$Item
com.sun.interview.Checklist
com.sun.interview.Checklist$Item
com.sun.interview.ChoiceArrayQuestion
com.sun.interview.ChoiceQuestion
com.sun.interview.ErrorQuestion
com.sun.interview.ExtensionFileFilter
com.sun.interview.FileFilter
com.sun.interview.FileListQuestion
com.sun.interview.FinalQuestion
com.sun.interview.FloatQuestion
com.sun.interview.IntQuestion
com.sun.interview.Interview
com.sun.interview.Interview$BadHelpFault
com.sun.interview.Interview$Fault
com.sun.interview.Interview$HelpNotFoundFault
com.sun.interview.Interview$Observer
com.sun.interview.NestedInterviewQuestion
com.sun.interview.NullQuestion
com.sun.interview.Question
com.sun.interview.StringQuestion
com.sun.interview.TreeQuestion
com.sun.interview.TreeQuestion$Model
com.sun.interview.YesNoQuestion
com.sun.java.help.impl.DocumentParser
com.sun.java.help.impl.HeaderParser
com.sun.java.help.impl.LangElement
com.sun.java.help.impl.MyBufferedReader
com.sun.java.help.impl.Parser
com.sun.java.help.impl.Parser$ParserMulticaster
com.sun.java.help.impl.ParserEvent
com.sun.java.help.impl.ParserListener
com.sun.java.help.impl.ScanBuffer
com.sun.java.help.impl.Tag
com.sun.java.help.impl.TagProperties
com.sun.java.help.impl.TagProperties$EmptyEnumerator
com.sun.java.help.impl.XmlReader
com.sun.javatest.AllKeywords
com.sun.javatest.AndExprKeywords
com.sun.javatest.AnyKeywords
com.sun.javatest.BinaryExprKeywords
com.sun.javatest.Command
com.sun.javatest.ExcludeList
com.sun.javatest.ExcludeList$Entry
com.sun.javatest.ExcludeList$Fault
com.sun.javatest.ExcludeList$Key
com.sun.javatest.ExcludeList$Parser
com.sun.javatest.ExcludeListFilter
com.sun.javatest.ExprKeywords
com.sun.javatest.ExprParser
com.sun.javatest.InterviewParameters
com.sun.javatest.JavaTestError
com.sun.javatest.Keywords
com.sun.javatest.Keywords$Fault
com.sun.javatest.KeywordsFilter
com.sun.javatest.NotExprKeywords
com.sun.javatest.OrExprKeywords
com.sun.javatest.Parameters
com.sun.javatest.Parameters$ConcurrencyParameters
com.sun.javatest.Parameters$EnvParameters
com.sun.javatest.Parameters$ExcludeListParameters
com.sun.javatest.Parameters$KeywordsParameters
com.sun.javatest.Parameters$LegacyEnvParameters
com.sun.javatest.Parameters$MutableConcurrencyParameters
com.sun.javatest.Parameters$MutableExcludeListParameters
com.sun.javatest.Parameters$MutableKeywordsParameters
com.sun.javatest.Parameters$MutablePriorStatusParameters
com.sun.javatest.Parameters$MutableTestsParameters
com.sun.javatest.Parameters$MutableTimeoutFactorParameters
com.sun.javatest.Parameters$PriorStatusParameters
com.sun.javatest.Parameters$TestsParameters
com.sun.javatest.Parameters$TimeoutFactorParameters
com.sun.javatest.ParenExprKeywords
com.sun.javatest.ProductInfo
com.sun.javatest.ResourceTable
com.sun.javatest.Script
com.sun.javatest.Script$Alarm
com.sun.javatest.Status
com.sun.javatest.StatusFilter
com.sun.javatest.TRT_HttpHandler
com.sun.javatest.TRT_Iterator
com.sun.javatest.TRT_Iterator$1
com.sun.javatest.TRT_Iterator$FilterObserver
com.sun.javatest.TRT_Iterator$PseudoFrame
com.sun.javatest.TRT_TreeNode
com.sun.javatest.TRT_TreeNode$Fault
com.sun.javatest.TermExprKeywords
com.sun.javatest.TestDescription
com.sun.javatest.TestDescription$1
com.sun.javatest.TestEnvContext
com.sun.javatest.TestEnvContext$Fault
com.sun.javatest.TestEnvironment
com.sun.javatest.TestEnvironment$Element
com.sun.javatest.TestEnvironment$Fault
com.sun.javatest.TestFilter
com.sun.javatest.TestFilter$Fault
com.sun.javatest.TestFilter$Observer
com.sun.javatest.TestFinder
com.sun.javatest.TestFinder$ErrorHandler
com.sun.javatest.TestFinder$Fault
com.sun.javatest.TestResult
com.sun.javatest.TestResult$Fault
com.sun.javatest.TestResult$Observer
com.sun.javatest.TestResult$OutputBuffer
com.sun.javatest.TestResult$ReloadFault
com.sun.javatest.TestResult$ResultFileNotFoundFault
com.sun.javatest.TestResult$Section
com.sun.javatest.TestResult$Section$FixedOutputBuffer
com.sun.javatest.TestResult$Section$WritableOutputBuffer
com.sun.javatest.TestResultCache
com.sun.javatest.TestResultCache$1
com.sun.javatest.TestResultCache$CacheShutdownFault
com.sun.javatest.TestResultCache$ExtensionFilenameFilter
com.sun.javatest.TestResultCache$Fault
com.sun.javatest.TestResultCache$LockTimeoutFault
com.sun.javatest.TestResultCache$Observer
com.sun.javatest.TestResultCache$ShutdownHandler
com.sun.javatest.TestResultCache$TestResultComparator
com.sun.javatest.TestResultTable
com.sun.javatest.TestResultTable$1
com.sun.javatest.TestResultTable$2
com.sun.javatest.TestResultTable$Fault
com.sun.javatest.TestResultTable$NullEnum
com.sun.javatest.TestResultTable$Observer
com.sun.javatest.TestResultTable$PathRecord
com.sun.javatest.TestResultTable$TreeIterator
com.sun.javatest.TestResultTable$TreeNode
com.sun.javatest.TestResultTable$TreeNodeObserver
com.sun.javatest.TestResultTable$TreeObserver
com.sun.javatest.TestResultTable$Updater
com.sun.javatest.TestSuite
com.sun.javatest.TestSuite$Fault
com.sun.javatest.TestSuite$NotTestSuiteFault
com.sun.javatest.WorkDirectory
com.sun.javatest.WorkDirectory$BadDirectoryFault
com.sun.javatest.WorkDirectory$Fault
com.sun.javatest.WorkDirectory$InitializationFault
com.sun.javatest.WorkDirectory$MismatchFault
com.sun.javatest.WorkDirectory$NotWorkDirectoryFault
com.sun.javatest.WorkDirectory$PurgeFault
com.sun.javatest.WorkDirectory$TestSuiteFault
com.sun.javatest.WorkDirectory$WorkDirectoryExistsFault
com.sun.javatest.httpd.HttpdServer
com.sun.javatest.httpd.HttpdServer$1
com.sun.javatest.httpd.JThttpProvider
com.sun.javatest.httpd.PageGenerator
com.sun.javatest.httpd.ProviderRegistry
com.sun.javatest.httpd.ProviderRegistry$HandlerEntry
com.sun.javatest.httpd.ProviderRegistry$IndexHandler
com.sun.javatest.httpd.RequestHandler
com.sun.javatest.httpd.RootRegistry
com.sun.javatest.httpd.RootRegistry$1
com.sun.javatest.httpd.RootRegistry$SpecialURLHandler
com.sun.javatest.httpd.httpURL
com.sun.javatest.httpd.httpURL$Fault
com.sun.javatest.interview.BasicInterviewParameters
com.sun.javatest.interview.BasicInterviewParameters$1
com.sun.javatest.interview.BasicInterviewParameters$2
com.sun.javatest.interview.ConcurrencyInterview
com.sun.javatest.interview.ConcurrencyInterview$1
com.sun.javatest.interview.EnvironmentInterview
com.sun.javatest.interview.EnvironmentInterview$1
com.sun.javatest.interview.EnvironmentInterview$2
com.sun.javatest.interview.EnvironmentInterview$3
com.sun.javatest.interview.EnvironmentInterview$4
com.sun.javatest.interview.EnvironmentInterview$5
com.sun.javatest.interview.EnvironmentInterview$6
com.sun.javatest.interview.ExcludeListInterview
com.sun.javatest.interview.ExcludeListInterview$1
com.sun.javatest.interview.ExcludeListInterview$2
com.sun.javatest.interview.ExcludeListInterview$3
com.sun.javatest.interview.ExcludeListInterview$4
com.sun.javatest.interview.ExcludeListInterview$5
com.sun.javatest.interview.ExcludeListInterview$6
com.sun.javatest.interview.ExcludeListInterview$7
com.sun.javatest.interview.ExcludeListInterview$8
com.sun.javatest.interview.ExcludeListInterview$9
com.sun.javatest.interview.KeywordsInterview
com.sun.javatest.interview.KeywordsInterview$1
com.sun.javatest.interview.KeywordsInterview$2
com.sun.javatest.interview.KeywordsInterview$3
com.sun.javatest.interview.KeywordsInterview$KeywordsQuestion
com.sun.javatest.interview.LegacyParameters
com.sun.javatest.interview.PriorStatusInterview
com.sun.javatest.interview.PriorStatusInterview$1
com.sun.javatest.interview.PriorStatusInterview$2
com.sun.javatest.interview.TestsInterview
com.sun.javatest.interview.TestsInterview$1
com.sun.javatest.interview.TestsInterview$2
com.sun.javatest.interview.TestsInterview$3
com.sun.javatest.interview.TestsInterview$4
com.sun.javatest.interview.TimeoutFactorInterview
com.sun.javatest.interview.TimeoutFactorInterview$1
com.sun.javatest.servlets.ResultBrowser
com.sun.javatest.util.BackupPolicy
com.sun.javatest.util.BackupPolicy$1
com.sun.javatest.util.BackupPolicy$2
com.sun.javatest.util.Debug
com.sun.javatest.util.Debug$1
com.sun.javatest.util.Debug$WildcardProperties
com.sun.javatest.util.DynamicArray
com.sun.javatest.util.I18NResourceBundle
com.sun.javatest.util.Properties
com.sun.javatest.util.PropertyArray
com.sun.javatest.util.PropertyArray$1
com.sun.javatest.util.PropertyArray$PropertyArrayError
com.sun.javatest.util.StringArray
com.sun.javatest.util.Timer
com.sun.javatest.util.Timer$1
com.sun.javatest.util.Timer$Entry
com.sun.javatest.util.Timer$Timeable
javax.help.BadIDException
javax.help.FlatMap
javax.help.FlatMap$FlatEnumeration
javax.help.FlatMap$FlatMapResourceBundle
javax.help.HelpBroker
javax.help.HelpSet
javax.help.HelpSet$DefaultHelpSetFactory
javax.help.HelpSet$HelpSetParser
javax.help.HelpSetException
javax.help.HelpSetFactory
javax.help.HelpUtilities
javax.help.HelpUtilities$LocalePair
javax.help.InvalidHelpSetContextException
javax.help.InvalidNavigatorViewException
javax.help.Map
javax.help.Map$ID
javax.help.NavigatorView
javax.help.TryMap
javax.help.TryMap$TryEnumeration
javax.help.UnsupportedOperationException
javax.help.event.EventListenerList
javax.help.event.HelpSetEvent
javax.help.event.HelpSetListener
